ADMIN@DESKTOP-R32O1H1 MINGW64 ~/Desktop/task 1 (master)
$ vi foo.s

ADMIN@DESKTOP-R32O1H1 MINGW64 ~/Desktop/task 1 (master)
$ git status
On branch master
Your branch is up to date with 'origin/master'.

Untracked files:
  (use "git add <file>..." to include in what will be committed)
        foo.s

nothing added to commit but untracked files present (use "git add" to track)

ADMIN@DESKTOP-R32O1H1 MINGW64 ~/Desktop/task 1 (master)
$ vi .gitignore

ADMIN@DESKTOP-R32O1H1 MINGW64 ~/Desktop/task 1 (master)
$ git status
On branch master
Your branch is up to date with 'origin/master'.

Untracked files:
  (use "git add <file>..." to include in what will be committed)
        .gitignore

nothing added to commit but untracked files present (use "git add" to track)

ADMIN@DESKTOP-R32O1H1 MINGW64 ~/Desktop/task 1 (master)
$ git add .
warning: LF will be replaced by CRLF in .gitignore.
The file will have its original line endings in your working directory

ADMIN@DESKTOP-R32O1H1 MINGW64 ~/Desktop/task 1 (master)
$ git add .gitignore

ADMIN@DESKTOP-R32O1H1 MINGW64 ~/Desktop/task 1 (master)
$ git commit -m ".gitignore added"
[master 10ec79f] .gitignore added
 1 file changed, 1 insertion(+)
 create mode 100644 .gitignore

ADMIN@DESKTOP-R32O1H1 MINGW64 ~/Desktop/task 1 (master)
$ vi file1.txt

ADMIN@DESKTOP-R32O1H1 MINGW64 ~/Desktop/task 1 (master)
$ vi .git
.git/       .gitignore

ADMIN@DESKTOP-R32O1H1 MINGW64 ~/Desktop/task 1 (master)
$ vi .gitignore

ADMIN@DESKTOP-R32O1H1 MINGW64 ~/Desktop/task 1 (master)
$ git status
On branch master
Your branch is ahead of 'origin/master' by 1 commit.
  (use "git push" to publish your local commits)

Changes not staged for commit:
  (use "git add <file>..." to update what will be committed)
  (use "git restore <file>..." to discard changes in working directory)
        modified:   .gitignore

no changes added to commit (use "git add" and/or "git commit -a")

ADMIN@DESKTOP-R32O1H1 MINGW64 ~/Desktop/task 1 (master)
$ git add .gitignore
warning: LF will be replaced by CRLF in .gitignore.
The file will have its original line endings in your working directory

ADMIN@DESKTOP-R32O1H1 MINGW64 ~/Desktop/task 1 (master)
$ git add .gitignore

ADMIN@DESKTOP-R32O1H1 MINGW64 ~/Desktop/task 1 (master)
$ git commit "gitignore"
error: pathspec 'gitignore' did not match any file(s) known to git

ADMIN@DESKTOP-R32O1H1 MINGW64 ~/Desktop/task 1 (master)
$ git commit -m "gitignore"
[master adb624d] gitignore
 1 file changed, 1 insertion(+)

ADMIN@DESKTOP-R32O1H1 MINGW64 ~/Desktop/task 1 (master)
$ vi file1.txt

ADMIN@DESKTOP-R32O1H1 MINGW64 ~/Desktop/task 1 (master)
$ git status
On branch master
Your branch is ahead of 'origin/master' by 2 commits.
  (use "git push" to publish your local commits)

Changes not staged for commit:
  (use "git add <file>..." to update what will be committed)
  (use "git restore <file>..." to discard changes in working directory)
        modified:   file1.txt

no changes added to commit (use "git add" and/or "git commit -a")

ADMIN@DESKTOP-R32O1H1 MINGW64 ~/Desktop/task 1 (master)
$ git rm --cached
fatal: No pathspec was given. Which files should I remove?

ADMIN@DESKTOP-R32O1H1 MINGW64 ~/Desktop/task 1 (master)
$ git rm --cached file1.txt
rm 'file1.txt'

ADMIN@DESKTOP-R32O1H1 MINGW64 ~/Desktop/task 1 (master)
$ git status
On branch master
Your branch is ahead of 'origin/master' by 2 commits.
  (use "git push" to publish your local commits)

Changes to be committed:
  (use "git restore --staged <file>..." to unstage)
        deleted:    file1.txt


ADMIN@DESKTOP-R32O1H1 MINGW64 ~/Desktop/task 1 (master)
$ vi f2.txt

ADMIN@DESKTOP-R32O1H1 MINGW64 ~/Desktop/task 1 (master)
$ vi .gitignore

ADMIN@DESKTOP-R32O1H1 MINGW64 ~/Desktop/task 1 (master)
$ git commit -am "f2 added"
warning: LF will be replaced by CRLF in .gitignore.
The file will have its original line endings in your working directory
[master 35e7845] f2 added
 2 files changed, 2 insertions(+), 1 deletion(-)
 delete mode 100644 file1.txt

ADMIN@DESKTOP-R32O1H1 MINGW64 ~/Desktop/task 1 (master)
$ git status
On branch master
Your branch is ahead of 'origin/master' by 3 commits.
  (use "git push" to publish your local commits)

Untracked files:
  (use "git add <file>..." to include in what will be committed)
        f2.txt

nothing added to commit but untracked files present (use "git add" to track)

ADMIN@DESKTOP-R32O1H1 MINGW64 ~/Desktop/task 1 (master)
$