ADMIN@DESKTOP-R32O1H1 MINGW64 ~/Desktop/task 1 (master)
$ vi greet.txt

ADMIN@DESKTOP-R32O1H1 MINGW64 ~/Desktop/task 1 (master)
$ git branch
  greeting
* master
  merge-conflict

ADMIN@DESKTOP-R32O1H1 MINGW64 ~/Desktop/task 1 (master)
$ git switch merge-conflict
Switched to branch 'merge-conflict'
M       greeting.txt

ADMIN@DESKTOP-R32O1H1 MINGW64 ~/Desktop/task 1 (merge-conflict)
$ ls
 README.md               file.txt    file2.txt   greeting.txt   task_five.txt   task_one.txt     task_two.txt
'RMI(Calculator).docx'   file1.txt   greet.txt   hello.txt      task_four.txt   task_three.txt

ADMIN@DESKTOP-R32O1H1 MINGW64 ~/Desktop/task 1 (merge-conflict)
$ vi file.txt

ADMIN@DESKTOP-R32O1H1 MINGW64 ~/Desktop/task 1 (merge-conflict)
$ git add file.txt

ADMIN@DESKTOP-R32O1H1 MINGW64 ~/Desktop/task 1 (merge-conflict)
$ git commit -m "add relevant fact"
[merge-conflict 571a1c1] add relevant fact
 1 file changed, 1 insertion(+), 1 deletion(-)

ADMIN@DESKTOP-R32O1H1 MINGW64 ~/Desktop/task 1 (merge-conflict)
$ git checkout master
Switched to branch 'master'
M       greeting.txt
Your branch is ahead of 'origin/master' by 3 commits.
  (use "git push" to publish your local commits)

ADMIN@DESKTOP-R32O1H1 MINGW64 ~/Desktop/task 1 (master)
$ vi file.txt

ADMIN@DESKTOP-R32O1H1 MINGW64 ~/Desktop/task 1 (master)
$ git add file.txt

ADMIN@DESKTOP-R32O1H1 MINGW64 ~/Desktop/task 1 (master)
$ git commit -m "add"
[master ba6da3a] add
 1 file changed, 1 insertion(+), 1 deletion(-)

ADMIN@DESKTOP-R32O1H1 MINGW64 ~/Desktop/task 1 (master)
$ git merge merge-conflict
Auto-merging file.txt
CONFLICT (content): Merge conflict in file.txt
Automatic merge failed; fix conflicts and then commit the result.

ADMIN@DESKTOP-R32O1H1 MINGW64 ~/Desktop/task 1 (master|MERGING)
$ git status
On branch master
Your branch is ahead of 'origin/master' by 4 commits.
  (use "git push" to publish your local commits)

You have unmerged paths.
  (fix conflicts and run "git commit")
  (use "git merge --abort" to abort the merge)

Unmerged paths:
  (use "git add <file>..." to mark resolution)
        both modified:   file.txt

Changes not staged for commit:
  (use "git add <file>..." to update what will be committed)
  (use "git restore <file>..." to discard changes in working directory)
        modified:   greeting.txt

Untracked files:
  (use "git add <file>..." to include in what will be committed)
        README.md
        greet.txt

no changes added to commit (use "git add" and/or "git commit -a")

ADMIN@DESKTOP-R32O1H1 MINGW64 ~/Desktop/task 1 (master|MERGING)
$ vi file.txt

ADMIN@DESKTOP-R32O1H1 MINGW64 ~/Desktop/task 1 (master|MERGING)
$ git status
On branch master
Your branch is ahead of 'origin/master' by 4 commits.
  (use "git push" to publish your local commits)

You have unmerged paths.
  (fix conflicts and run "git commit")
  (use "git merge --abort" to abort the merge)

Unmerged paths:
  (use "git add <file>..." to mark resolution)
        both modified:   file.txt

Changes not staged for commit:
  (use "git add <file>..." to update what will be committed)
  (use "git restore <file>..." to discard changes in working directory)
        modified:   greeting.txt

Untracked files:
  (use "git add <file>..." to include in what will be committed)
        README.md
        greet.txt

no changes added to commit (use "git add" and/or "git commit -a")

ADMIN@DESKTOP-R32O1H1 MINGW64 ~/Desktop/task 1 (master|MERGING)
$ git merge merge-conflict
error: Merging is not possible because you have unmerged files.
hint: Fix them up in the work tree, and then use 'git add/rm <file>'
hint: as appropriate to mark resolution and make a commit.
fatal: Exiting because of an unresolved conflict.

ADMIN@DESKTOP-R32O1H1 MINGW64 ~/Desktop/task 1 (master|MERGING)
$ git add file1.txt

ADMIN@DESKTOP-R32O1H1 MINGW64 ~/Desktop/task 1 (master|MERGING)
$ git merge merge-conflict
error: Merging is not possible because you have unmerged files.
hint: Fix them up in the work tree, and then use 'git add/rm <file>'
hint: as appropriate to mark resolution and make a commit.
fatal: Exiting because of an unresolved conflict.

ADMIN@DESKTOP-R32O1H1 MINGW64 ~/Desktop/task 1 (master|MERGING)
$ vi file1.txt

ADMIN@DESKTOP-R32O1H1 MINGW64 ~/Desktop/task 1 (master|MERGING)
$ vi file.txt

ADMIN@DESKTOP-R32O1H1 MINGW64 ~/Desktop/task 1 (master|MERGING)
$ git status
On branch master
Your branch is ahead of 'origin/master' by 4 commits.
  (use "git push" to publish your local commits)

You have unmerged paths.
  (fix conflicts and run "git commit")
  (use "git merge --abort" to abort the merge)

Unmerged paths:
  (use "git add <file>..." to mark resolution)
        both modified:   file.txt

Changes not staged for commit:
  (use "git add <file>..." to update what will be committed)
  (use "git restore <file>..." to discard changes in working directory)
        modified:   greeting.txt

Untracked files:
  (use "git add <file>..." to include in what will be committed)
        README.md
        greet.txt

no changes added to commit (use "git add" and/or "git commit -a")

ADMIN@DESKTOP-R32O1H1 MINGW64 ~/Desktop/task 1 (master|MERGING)
$ git add file.txt

ADMIN@DESKTOP-R32O1H1 MINGW64 ~/Desktop/task 1 (master|MERGING)
$ git status
On branch master
Your branch is ahead of 'origin/master' by 4 commits.
  (use "git push" to publish your local commits)

All conflicts fixed but you are still merging.
  (use "git commit" to conclude merge)

Changes to be committed:
        modified:   file.txt

Changes not staged for commit:
  (use "git add <file>..." to update what will be committed)
  (use "git restore <file>..." to discard changes in working directory)
        modified:   greeting.txt

Untracked files:
  (use "git add <file>..." to include in what will be committed)
        README.md
        greet.txt


ADMIN@DESKTOP-R32O1H1 MINGW64 ~/Desktop/task 1 (master|MERGING)
$ git commit -m "merge conflict"
[master dca8b99] merge conflict

ADMIN@DESKTOP-R32O1H1 MINGW64 ~/Desktop/task 1 (master)
$ git merge merge-conflict
Already up to date.

ADMIN@DESKTOP-R32O1H1 MINGW64 ~/Desktop/task 1 (master)
$ git status
On branch master
Your branch is ahead of 'origin/master' by 6 commits.
  (use "git push" to publish your local commits)

Changes not staged for commit:
  (use "git add <file>..." to update what will be committed)
  (use "git restore <file>..." to discard changes in working directory)
        modified:   greeting.txt

Untracked files:
  (use "git add <file>..." to include in what will be committed)
        README.md
        greet.txt

no changes added to commit (use "git add" and/or "git commit -a")

ADMIN@DESKTOP-R32O1H1 MINGW64 ~/Desktop/task 1 (master)
$ git add greeting.txt

ADMIN@DESKTOP-R32O1H1 MINGW64 ~/Desktop/task 1 (master)
$ git commit -m "chang"
[master d4050c1] chang
 1 file changed, 1 insertion(+), 1 deletion(-)

ADMIN@DESKTOP-R32O1H1 MINGW64 ~/Desktop/task 1 (master)
$ git add README.md
warning: LF will be replaced by CRLF in README.md.
The file will have its original line endings in your working directory

ADMIN@DESKTOP-R32O1H1 MINGW64 ~/Desktop/task 1 (master)
$ git add README.md

ADMIN@DESKTOP-R32O1H1 MINGW64 ~/Desktop/task 1 (master)
$ git commit -m "read"
[master 592ad0b] read
 1 file changed, 13 insertions(+)
 create mode 100644 README.md

ADMIN@DESKTOP-R32O1H1 MINGW64 ~/Desktop/task 1 (master)
$ git status
On branch master
Your branch is ahead of 'origin/master' by 8 commits.
  (use "git push" to publish your local commits)

Untracked files:
  (use "git add <file>..." to include in what will be committed)
        greet.txt

nothing added to commit but untracked files present (use "git add" to track)

ADMIN@DESKTOP-R32O1H1 MINGW64 ~/Desktop/task 1 (master)
$ git rm greet.txt
fatal: pathspec 'greet.txt' did not match any files

ADMIN@DESKTOP-R32O1H1 MINGW64 ~/Desktop/task 1 (master)
$ git add greet.txt
warning: LF will be replaced by CRLF in greet.txt.
The file will have its original line endings in your working directory

ADMIN@DESKTOP-R32O1H1 MINGW64 ~/Desktop/task 1 (master)
$ git add greet.txt

ADMIN@DESKTOP-R32O1H1 MINGW64 ~/Desktop/task 1 (master)
$ git commit -m "jo"
[master 85f0025] jo
 1 file changed, 1 insertion(+)
 create mode 100644 greet.txt

ADMIN@DESKTOP-R32O1H1 MINGW64 ~/Desktop/task 1 (master)
$ git status
On branch master
Your branch is ahead of 'origin/master' by 9 commits.
  (use "git push" to publish your local commits)

nothing to commit, working tree clean

ADMIN@DESKTOP-R32O1H1 MINGW64 ~/Desktop/task 1 (master)
$
