ADMIN@DESKTOP-R32O1H1 MINGW64 ~/Desktop/task 1 (master)
$ branch
bash: branch: command not found

ADMIN@DESKTOP-R32O1H1 MINGW64 ~/Desktop/task 1 (master)
$ git branch
* master
  mybranch

ADMIN@DESKTOP-R32O1H1 MINGW64 ~/Desktop/task 1 (master)
$ git branch feature/uppercase

ADMIN@DESKTOP-R32O1H1 MINGW64 ~/Desktop/task 1 (master)
$ git branch feature/uppercase
fatal: A branch named 'feature/uppercase' already exists.

ADMIN@DESKTOP-R32O1H1 MINGW64 ~/Desktop/task 1 (master)
$ git branch
  feature/uppercase
* master
  mybranch

ADMIN@DESKTOP-R32O1H1 MINGW64 ~/Desktop/task 1 (master)
$ git switch feature/uppercase
Switched to branch 'feature/uppercase'
M       file.txt

ADMIN@DESKTOP-R32O1H1 MINGW64 ~/Desktop/task 1 (feature/uppercase)
$ git status
On branch feature/uppercase
Changes not staged for commit:
  (use "git add <file>..." to update what will be committed)
  (use "git restore <file>..." to discard changes in working directory)
        modified:   file.txt

no changes added to commit (use "git add" and/or "git commit -a")

ADMIN@DESKTOP-R32O1H1 MINGW64 ~/Desktop/task 1 (feature/uppercase)
$ git add file.txt
warning: LF will be replaced by CRLF in file.txt.
The file will have its original line endings in your working directory

ADMIN@DESKTOP-R32O1H1 MINGW64 ~/Desktop/task 1 (feature/uppercase)
$ git commit -m "small"
[feature/uppercase 55f94c0] small
 1 file changed, 1 insertion(+), 1 deletion(-)

ADMIN@DESKTOP-R32O1H1 MINGW64 ~/Desktop/task 1 (feature/uppercase)
$ git status
On branch feature/uppercase
nothing to commit, working tree clean

ADMIN@DESKTOP-R32O1H1 MINGW64 ~/Desktop/task 1 (feature/uppercase)
$ git status
On branch feature/uppercase
Untracked files:
  (use "git add <file>..." to include in what will be committed)
        greeting.txt

nothing added to commit but untracked files present (use "git add" to track)

ADMIN@DESKTOP-R32O1H1 MINGW64 ~/Desktop/task 1 (feature/uppercase)
$ git add greeting.txt

ADMIN@DESKTOP-R32O1H1 MINGW64 ~/Desktop/task 1 (feature/uppercase)
$ git commit -m "added"
[feature/uppercase 41d9d46] added
 1 file changed, 1 insertion(+)
 create mode 100644 greeting.txt

ADMIN@DESKTOP-R32O1H1 MINGW64 ~/Desktop/task 1 (feature/uppercase)
$ git branch
* feature/uppercase
  master
  mybranch

ADMIN@DESKTOP-R32O1H1 MINGW64 ~/Desktop/task 1 (feature/uppercase)
$ git log --oneline --graph --all
* 41d9d46 (HEAD -> feature/uppercase) added
* 55f94c0 small
* 691de0d (origin/master, master) task 3
* d2307a5 add file2.txt
| * 81f5480 (mybranch) task three
| * 97532fb add file1.txt
|/
* 0ced0c5 second task
* fe79b3e chad
* 9735508 add file.txt
* c485027 message
* 46077e3 modified again
* 870694c file changed
* ca79f8b first commit

ADMIN@DESKTOP-R32O1H1 MINGW64 ~/Desktop/task 1 (feature/uppercase)
$ git switch master
Switched to branch 'master'
Your branch is up to date with 'origin/master'.

ADMIN@DESKTOP-R32O1H1 MINGW64 ~/Desktop/task 1 (master)
$ git merge feature/uppercase
Updating 691de0d..41d9d46
Fast-forward
 file.txt     | 2 +-
 greeting.txt | 1 +
 2 files changed, 2 insertions(+), 1 deletion(-)
 create mode 100644 greeting.txt

ADMIN@DESKTOP-R32O1H1 MINGW64 ~/Desktop/task 1 (master)
$ git log --oneline --graph --all
* 41d9d46 (HEAD -> master, feature/uppercase) added
* 55f94c0 small
* 691de0d (origin/master) task 3
* d2307a5 add file2.txt
| * 81f5480 (mybranch) task three
| * 97532fb add file1.txt
|/
* 0ced0c5 second task
* fe79b3e chad
* 9735508 add file.txt
* c485027 message
* 46077e3 modified again
* 870694c file changed
* ca79f8b first commit

ADMIN@DESKTOP-R32O1H1 MINGW64 ~/Desktop/task 1 (master)
$ cat greeting.txt
MY NAME IS
ADMIN@DESKTOP-R32O1H1 MINGW64 ~/Desktop/task 1 (master)
$ git branch
  feature/uppercase
* master
  mybranch

ADMIN@DESKTOP-R32O1H1 MINGW64 ~/Desktop/task 1 (master)
$ git diff master feature/uppercase

ADMIN@DESKTOP-R32O1H1 MINGW64 ~/Desktop/task 1 (master)
$ git branch -d feature/uppercase
Deleted branch feature/uppercase (was 41d9d46).

ADMIN@DESKTOP-R32O1H1 MINGW64 ~/Desktop/task 1 (master)
$ git branch
* master
  mybranch

ADMIN@DESKTOP-R32O1H1 MINGW64 ~/Desktop/task 1 (master)
$
